2025-11-27T17:18:59.170Z - ERROR: handleIncomingMessage is not a function
TypeError: handleIncomingMessage is not a function
    at C:\ChatBot\webhook.js:22:19
    at Layer.handleRequest (C:\ChatBot\node_modules\router\lib\layer.js:152:17)
    at next (C:\ChatBot\node_modules\router\lib\route.js:157:13)
    at Route.dispatch (C:\ChatBot\node_modules\router\lib\route.js:117:3)
    at handle (C:\ChatBot\node_modules\router\index.js:435:11)
    at Layer.handleRequest (C:\ChatBot\node_modules\router\lib\layer.js:152:17)
    at C:\ChatBot\node_modules\router\index.js:295:15
    at processParams (C:\ChatBot\node_modules\router\index.js:582:12)
    at next (C:\ChatBot\node_modules\router\index.js:291:5)
    at Function.handle (C:\ChatBot\node_modules\router\index.js:186:3)
2025-11-27T17:19:24.510Z - ERROR: handleIncomingMessage is not a function
TypeError: handleIncomingMessage is not a function
    at C:\ChatBot\webhook.js:22:19
    at Layer.handleRequest (C:\ChatBot\node_modules\router\lib\layer.js:152:17)
    at next (C:\ChatBot\node_modules\router\lib\route.js:157:13)
    at Route.dispatch (C:\ChatBot\node_modules\router\lib\route.js:117:3)
    at handle (C:\ChatBot\node_modules\router\index.js:435:11)
    at Layer.handleRequest (C:\ChatBot\node_modules\router\lib\layer.js:152:17)
    at C:\ChatBot\node_modules\router\index.js:295:15
    at processParams (C:\ChatBot\node_modules\router\index.js:582:12)
    at next (C:\ChatBot\node_modules\router\index.js:291:5)
    at Function.handle (C:\ChatBot\node_modules\router\index.js:186:3)
